// Package fixture is a compilable miniature of the four generated locations the
// dynamictype pass rewrites (model, schema, refresh, build) plus the SDK field
// they feed. It is loaded with full type information by the pass's golden test;
// the expected post-processed form lives in expected.go.golden.
package fixture

import (
	"context"

	"github.com/hashicorp/terraform-plugin-framework/diag"
	"github.com/hashicorp/terraform-plugin-framework/resource/schema"
	"github.com/hashicorp/terraform-plugin-framework/resource/schema/dynamicdefault"
	"github.com/hashicorp/terraform-plugin-framework/types"
	"github.com/kong/terraform-provider-konnect/v3/internal/provider/dynamic"
)

// Redis is the resource model (mirrors internal/provider/types).
type Redis struct {
	Host types.String  `tfsdk:"host"`
	Port types.Dynamic `tfsdk:"port"`
}

// Config nests the redis model.
type Config struct {
	Redis *Redis
}

// Model is the top-level resource model.
type Model struct {
	Config *Config
}

// SDKRedis is the SDK shared model (mirrors internal/sdk/models/shared).
type SDKRedis struct {
	// A port number between 0 and 65535, inclusive, or a referenceable value.
	Port any `json:"port,omitempty"`
}

// GetPort is the SDK getter for the port field.
func (r *SDKRedis) GetPort() any {
	if r == nil {
		return nil
	}
	return r.Port
}

// SDKConfig nests the SDK redis model.
type SDKConfig struct {
	Redis *SDKRedis
}

// SDKResp is the SDK response wrapper.
type SDKResp struct {
	Config *SDKConfig
}

// Schema mirrors the generated resource schema attribute map.
func Schema() map[string]schema.Attribute {
	return map[string]schema.Attribute{
		"port": schema.DynamicAttribute{
			Computed:    true,
			Optional:    true,
			Default:     dynamicdefault.StaticValue(types.DynamicValue(types.StringValue("6379"))),
			Description: `An integer representing a port number between 0 and 65535, inclusive.`,
		},
	}
}

// Refresh mirrors the generated RefreshFromShared flow (API -> model).
func (r *Model) Refresh(ctx context.Context, resp *SDKResp) {
	var diags diag.Diagnostics
	r.Config.Redis.Port = dynamic.ToFramework(resp.Config.Redis.Port)
	_ = diags
}

// Build mirrors the generated ToShared flow (model -> API).
func (r *Model) Build() *SDKRedis {
	port1 := dynamic.ToAny(r.Config.Redis.Port)
	return &SDKRedis{
		Port: port1,
	}
}
